20:40:56 **** Auto Build of configuration Debug for project xadc_dma_fft ****
make pre-build main-build 
a9-linaro-pre-build-step
' '
'Building file: ../src/helloworld.c'
'Invoking: ARM v7 gcc compiler'
arm-none-eabi-gcc -Wall -O0 -g3 -c -fmessage-length=0 -MT"src/helloworld.o" -mcpu=cortex-a9 -mfpu=vfpv3 -mfloat-abi=hard -I../../standalone_bsp_0/ps7_cortexa9_0/include -MMD -MP -MF"src/helloworld.d" -MT"src/helloworld.o" -o "src/helloworld.o" "../src/helloworld.c"
'Finished building: ../src/helloworld.c'
' '
'Building target: xadc_dma_fft.elf'
'Invoking: ARM v7 gcc linker'
arm-none-eabi-gcc -mcpu=cortex-a9 -mfpu=vfpv3 -mfloat-abi=hard -Wl,-build-id=none -specs=Xilinx.spec -Wl,-T -Wl,../src/lscript.ld -L../../standalone_bsp_0/ps7_cortexa9_0/lib -o "xadc_dma_fft.elf"  ./src/helloworld.o ./src/platform.o   -Wl,--start-group,-lxil,-lgcc,-lc,--end-group
'Finished building target: xadc_dma_fft.elf'
' '
'Invoking: ARM v7 Print Size'
arm-none-eabi-size xadc_dma_fft.elf  |tee "xadc_dma_fft.elf.size"
   text	   data	    bss	    dec	    hex	filename
  49628	   2672	  25224	  77524	  12ed4	xadc_dma_fft.elf
'Finished building: xadc_dma_fft.elf.size'
' '

20:41:05 Build Finished (took 8s.876ms)

