21:38:39 **** Auto Build of configuration Debug for project interrupt_counter_btn ****
make pre-build main-build 
a9-linaro-pre-build-step
' '
'Building file: ../src/interrupt_counter_btn.c'
'Invoking: ARM v7 gcc compiler'
arm-none-eabi-gcc -Wall -O0 -g3 -c -fmessage-length=0 -MT"src/interrupt_counter_btn.o" -mcpu=cortex-a9 -mfpu=vfpv3 -mfloat-abi=hard -I../../standalone_bsp_0/ps7_cortexa9_0/include -MMD -MP -MF"src/interrupt_counter_btn.d" -MT"src/interrupt_counter_btn.o" -o "src/interrupt_counter_btn.o" "../src/interrupt_counter_btn.c"
'Finished building: ../src/interrupt_counter_btn.c'
' '
'Building target: interrupt_counter_btn.elf'
'Invoking: ARM v7 gcc linker'
arm-none-eabi-gcc -mcpu=cortex-a9 -mfpu=vfpv3 -mfloat-abi=hard -Wl,-build-id=none -specs=Xilinx.spec -Wl,-T -Wl,../src/lscript.ld -L../../standalone_bsp_0/ps7_cortexa9_0/lib -o "interrupt_counter_btn.elf"  ./src/interrupt_counter_btn.o   -Wl,--start-group,-lxil,-lgcc,-lc,--end-group
'Finished building target: interrupt_counter_btn.elf'
' '
'Invoking: ARM v7 Print Size'
arm-none-eabi-size interrupt_counter_btn.elf  |tee "interrupt_counter_btn.elf.size"
   text	   data	    bss	    dec	    hex	filename
  24872	   1952	  22632	  49456	   c130	interrupt_counter_btn.elf
'Finished building: interrupt_counter_btn.elf.size'
' '

21:38:40 Build Finished (took 1s.45ms)

